=========================
Fcitx 5.1.7 -- Get Signal No.: 6
Date: try "date -d @1738987413" if you are using GNU date ***
ProcessID: 2456
/usr/bin/fcitx5(+0x11b1d)[0x57d97bebab1d]
/lib/x86_64-linux-gnu/libc.so.6(+0x45320)[0x7a5635e45320]
/lib/x86_64-linux-gnu/libc.so.6(pthread_kill+0x11c)[0x7a5635e9eb1c]
/lib/x86_64-linux-gnu/libc.so.6(gsignal+0x1e)[0x7a5635e4526e]
/lib/x86_64-linux-gnu/libc.so.6(abort+0xdf)[0x7a5635e288ff]
/lib/x86_64-linux-gnu/libc.so.6(+0x297b6)[0x7a5635e297b6]
/lib/x86_64-linux-gnu/libc.so.6(+0xa8fe5)[0x7a5635ea8fe5]
/lib/x86_64-linux-gnu/libc.so.6(+0xab110)[0x7a5635eab110]
/lib/x86_64-linux-gnu/libc.so.6(+0xab42a)[0x7a5635eab42a]
/lib/x86_64-linux-gnu/libc.so.6(__libc_free+0x7e)[0x7a5635eadd9e]
/lib/x86_64-linux-gnu/libFcitx5Core.so.7(_ZN5fcitx13CandidateWordD1Ev+0x35)[0x7a56367cd1b5]
/usr/lib/x86_64-linux-gnu/fcitx5/libpinyin.so(+0x321cf)[0x7a562e7f71cf]
/lib/x86_64-linux-gnu/libFcitx5Core.so.7(_ZN5fcitx19CommonCandidateListD1Ev+0x76)[0x7a56367d3c96]
/lib/x86_64-linux-gnu/libFcitx5Core.so.7(_ZN5fcitx19CommonCandidateListD0Ev+0x15)[0x7a56367d3d25]
/usr/lib/x86_64-linux-gnu/fcitx5/libpinyin.so(+0x1b3ca)[0x7a562e7e03ca]
/usr/lib/x86_64-linux-gnu/fcitx5/libpinyin.so(+0x2e2bc)[0x7a562e7f32bc]
/lib/x86_64-linux-gnu/libFcitx5Core.so.7(_ZNK5fcitx8Instance9postEventERNS_5EventE+0x2d9)[0x7a5636779919]
/lib/x86_64-linux-gnu/libFcitx5Core.so.7(_ZN5fcitx12InputContext8keyEventERNS_8KeyEventE+0xa3)[0x7a563679dc23]
/usr/lib/x86_64-linux-gnu/fcitx5/libdbusfrontend.so(+0x12fb2)[0x7a562ff0ffb2]
/usr/lib/x86_64-linux-gnu/fcitx5/libdbusfrontend.so(+0x14217)[0x7a562ff11217]
/lib/x86_64-linux-gnu/libFcitx5Utils.so.2(+0x3ae7b)[0x7a56366aee7b]
/lib/x86_64-linux-gnu/libFcitx5Utils.so.2(+0x411b4)[0x7a56366b51b4]
/lib/x86_64-linux-gnu/libsystemd.so.0(+0x30e05)[0x7a5636500e05]
/lib/x86_64-linux-gnu/libsystemd.so.0(+0x4c494)[0x7a563651c494]
/lib/x86_64-linux-gnu/libsystemd.so.0(+0x4c9ff)[0x7a563651c9ff]
/lib/x86_64-linux-gnu/libsystemd.so.0(+0x8333d)[0x7a563655333d]
/lib/x86_64-linux-gnu/libsystemd.so.0(sd_event_dispatch+0x13d)[0x7a563655364d]
/lib/x86_64-linux-gnu/libsystemd.so.0(sd_event_run+0xb8)[0x7a5636554f48]
/lib/x86_64-linux-gnu/libsystemd.so.0(sd_event_loop+0x5f)[0x7a563655516f]
/lib/x86_64-linux-gnu/libFcitx5Utils.so.2(_ZN5fcitx9EventLoop4execEv+0x15)[0x7a56366b3c45]
/lib/x86_64-linux-gnu/libFcitx5Core.so.7(_ZN5fcitx8Instance4execEv+0x61)[0x7a563677da21]
/usr/bin/fcitx5(+0xff71)[0x57d97beb8f71]
